aalib
abseil-cpp
acl
adobe-source-code-pro-fonts
adw-gtk3
adwaita-cursors
adwaita-icon-theme
adwaita-icon-theme-legacy
alsa-card-profiles
alsa-lib
alsa-plugins
alsa-topology-conf
alsa-ucm-conf
ani-cli
aom
appstream
archlinux-keyring
argon2
aria2
at-spi2-core
atkmm
atool
attr
audit
autoconf
automake
avahi
babl
base
base-devel
bash
battop
bc
bibata-cursor-git
binutils
bison
blas
bluetuith
bluez
bluez-libs
bluez-utils
breeze-icons
brightnessctl
brotli
btop
bubblewrap
bzip2
c-ares
ca-certificates
ca-certificates-mozilla
ca-certificates-utils
cairo
cairomm
cantarell-fonts
cava
cmark
coreutils
cpio
cryptsetup
curl
dav1d
db5.3
dbus
dbus-broker
dbus-broker-units
dbus-units
dconf
debugedit
default-cursors
desktop-file-utils
device-mapper
diffutils
dkms
double-conversion
duktape
dvisvgm
e2fsprogs
efibootmgr
efitools
efivar
egl-wayland
eglexternalplatform
electron31
exiv2
expat
fakeroot
ffcall
ffmpeg
fftw
file
filelight
filesystem
findutils
flac
flex
fmt
fontconfig
freeglut
freetype2
fribidi
fuse-common
fuse2
fuse3
fzf
gawk
gc
gcc
gcc-libs
gcr-4
gd
gdbm
gdk-pixbuf2
gegl
geoclue
gettext
ghostscript
giflib
gimp
girara
git
git-lfs
glib-networking
glib2
glibc
glibmm
glslang
glu
gmp
gnome-autoar
gnome-desktop-4
gnome-desktop-common
gnupg
gnutls
gobject-introspection
gobject-introspection-runtime
gperftools
gpgme
gpm
gradience
graphene
graphite
graphviz
grep
grim
groff
grub
grub-customizer
gsettings-desktop-schemas
gsettings-system-schemas
gsfonts
gsm
gssdp
gst-plugins-bad-libs
gst-plugins-base-libs
gstreamer
gtest
gtk-layer-shell
gtk-update-icon-cache
gtk2
gtk3
gtk4
gtkmm3
gts
guile
gumbo-parser
gupnp
gupnp-igd
gvfs
gzip
harfbuzz
hicolor-icon-theme
hidapi
highway
hwdata
hyprcursor
hyprland
hyprlang
hyprlock
hyprpicker
hyprutils
iana-etc
icu
ijs
imagemagick
imath
imlib2
iniparser
iproute2
iptables
iputils
iso-codes
jansson
jasper
java-environment-common
java-runtime-common
jbig2dec
jbigkit
jdk17-openjdk
jq
json-c
json-glib
jsoncpp
karchive
kauth
kbd
kbookmarks
kcodecs
kcolorscheme
kcompletion
kconfig
kconfigwidgets
kcoreaddons
kcrash
kdbusaddons
keyutils
kglobalaccel
kguiaddons
ki18n
kiconthemes
kio
kirigami
kirigami-addons
kitemmodels
kitemviews
kitty
kitty-shell-integration
kitty-terminfo
kjobwidgets
kmod
kmonad-bin
knotifications
krb5
kservice
ksvg
kvantum
kvantum-qt5
kwallet
kwidgetsaddons
kwindowsystem
kwindowsystem5
kxmlgui
l-smash
lame
lapack
lcms2
lensfun
leptonica
less
lib32-alsa-lib
lib32-alsa-plugins
lib32-brotli
lib32-bzip2
lib32-curl
lib32-e2fsprogs
lib32-expat
lib32-gcc-libs
lib32-glibc
lib32-icu
lib32-keyutils
lib32-krb5
lib32-libcap
lib32-libdrm
lib32-libelf
lib32-libffi
lib32-libgcrypt
lib32-libglvnd
lib32-libgpg-error
lib32-libidn2
lib32-libldap
lib32-libnghttp2
lib32-libnghttp3
lib32-libnsl
lib32-libpciaccess
lib32-libpsl
lib32-libssh2
lib32-libtasn1
lib32-libtirpc
lib32-libunistring
lib32-libva-mesa-driver
lib32-libx11
lib32-libxau
lib32-libxcb
lib32-libxcrypt
lib32-libxcrypt-compat
lib32-libxdmcp
lib32-libxext
lib32-libxfixes
lib32-libxml2
lib32-libxshmfence
lib32-libxss
lib32-libxxf86vm
lib32-llvm-libs
lib32-lm_sensors
lib32-mesa
lib32-mesa-vdpau
lib32-ncurses
lib32-nspr
lib32-nss
lib32-nvidia-utils
lib32-openssl
lib32-p11-kit
lib32-pam
lib32-sqlite
lib32-systemd
lib32-vulkan-icd-loader
lib32-vulkan-radeon
lib32-wayland
lib32-xcb-util-keysyms
lib32-xz
lib32-zlib
lib32-zstd
libadwaita
libarchive
libass
libassuan
libasyncns
libatasmart
libavc1394
libavif
libb2
libblockdev
libblockdev-crypto
libblockdev-fs
libblockdev-loop
libblockdev-mdraid
libblockdev-nvme
libblockdev-part
libblockdev-swap
libbluray
libbpf
libbs2b
libbsd
libbytesize
libcamera
libcamera-ipa
libcanberra
libcap
libcap-ng
libcdio
libcdio-paranoia
libcloudproviders
libcolord
libcups
libdaemon
libdatrie
libdbusmenu-glib
libdbusmenu-gtk3
libde265
libdecor
libdeflate
libdisplay-info
libdovi
libdrm
libdvdnav
libdvdread
libedit
libei
libelf
libepoxy
libevdev
libevent
libfdk-aac
libffi
libfontenc
libfreeaptx
libgcrypt
libgexiv2
libgirepository
libglvnd
libgpg-error
libgudev
libheif
libice
libidn
libidn2
libiec61883
libimagequant
libimobiledevice
libimobiledevice-glue
libinih
libinput
libisl
libjpeg-turbo
libjxl
libksba
liblc3
libldac
libldap
libliftoff
liblqr
libluv
libmd
libmm-glib
libmng
libmnl
libmodplug
libmpc
libmpdclient
libmupdf
libmypaint
libmysofa
libnautilus-extension
libndp
libnet
libnetfilter_conntrack
libnewt
libnfnetlink
libnftnl
libnghttp2
libnghttp3
libnice
libnl
libnm
libnotify
libnsl
libnvme
libogg
libomxil-bellagio
libopenmpt
libp11-kit
libpaper
libpcap
libpciaccess
libpgm
libpipeline
libpipewire
libplacebo
libplist
libpng
libportal
libportal-gtk4
libproxy
libpsl
libpulse
libraqm
libraw
libraw1394
librewolf-bin
librsvg
librsync
libsamplerate
libsasl
libsass
libseccomp
libsecret
libsigc++
libsigsegv
libsixel
libsm
libsndfile
libsodium
libsoup3
libsoxr
libspiro
libssh
libssh2
libstemmer
libsynctex
libsysprof-capture
libtasn1
libteam
libthai
libtheora
libtiff
libtirpc
libtool
libunibreak
libunistring
libunwind
libusb
libusbmuxd
libutf8proc
libuv
libva
libva-mesa-driver
libvdpau
libverto
libvorbis
libvpl
libvpx
libvterm
libwacom
libwebp
libwireplumber
libwmf
libx11
libxau
libxaw
libxcb
libxcomposite
libxcrypt
libxcrypt-compat
libxcursor
libxcvt
libxdamage
libxdmcp
libxext
libxfixes
libxfont2
libxft
libxi
libxinerama
libxkbcommon
libxkbcommon-x11
libxkbfile
libxml2
libxmlb
libxmu
libxpm
libxpresent
libxrandr
libxrender
libxshmfence
libxslt
libxss
libxt
libxtst
libxv
libxxf86vm
libyaml
libyuv
libzip
licenses
lilv
linux-api-headers
linux-firmware
linux-firmware-whence
linux-zen
linux-zen-headers
linux610-tkg-pds
linux610-tkg-pds-headers
llpp
llvm-libs
lm_sensors
lmdb
lsb-release
lsof
lua
lua51-lpeg
luajit
lv2
ly
lz4
lzo
m4
mailcap
make
mako
man-db
mbedtls2
md4c
mdadm
media-player-info
mesa
mesa-utils
mesa-vdpau
meson
minizip
mkinitcpio
mkinitcpio-busybox
mobile-broadband-provider-info
moreutils
mpdecimal
mpfr
mpg123
mpv
msgpack-c
mtdev
mujs
mullvad-vpn
mypaint-brushes1
nautilus
ncurses
neofetch
neovim
netpbm
nettle
networkmanager
ninja
noto-fonts
noto-fonts-cjk
noto-fonts-emoji
npth
nspr
nss
ntfs-3g
nvidia-dkms
nvidia-prime
nvidia-utils
nwg-look
ocl-icd
oh-my-posh
oniguruma
oomox-qt5-styleplugin-git
oomox-qt6-styleplugin-git
openal
opencore-amr
opendoas
openexr
openjpeg2
openssh
openssl
opus
orc
otf-aurulent-nerd
otf-codenewroman-nerd
otf-comicshanns-nerd
otf-commit-mono-nerd
otf-droid-nerd
otf-firamono-nerd
otf-geist-mono-nerd
otf-hasklig-nerd
otf-hermit-nerd
otf-monaspace-nerd
otf-opendyslexic-nerd
otf-overpass-nerd
p11-kit
pacman
pacman-mirrorlist
pahole
pam
pambase
pamixer
pango
pangomm
parted
patch
pciutils
pcre
pcre2
pcsclite
perl
perl-error
perl-io-tty
perl-ipc-run
perl-mailtools
perl-time-duration
perl-timedate
pfetch
pinentry
pipewire
pipewire-alsa
pipewire-audio
pipewire-jack
pipewire-pulse
pipewire-v4l2
pixman
pkgconf
playerctl
polkit
polkit-kde-agent
polkit-qt6
poppler
poppler-data
poppler-glib
popt
portaudio
potrace
prismlauncher
procps-ng
psmisc
python
python-anyascii
python-attrs
python-autocommand
python-build
python-cachecontrol
python-cachy
python-cffi
python-charset-normalizer
python-cleo
python-crashtest
python-cryptography
python-cssselect2
python-distlib
python-dulwich
python-fastjsonschema
python-filelock
python-gobject
python-html5lib
python-idna
python-inflect
python-installer
python-jaraco.classes
python-jaraco.context
python-jaraco.functools
python-jaraco.text
python-jeepney
python-jinja
python-jsonschema
python-jsonschema-specifications
python-keyring
python-lark-parser
python-lockfile
python-lxml
python-mako
python-markdown
python-markupsafe
python-material-color-utilities
python-more-itertools
python-msgpack
python-ordered-set
python-packaging
python-pexpect
python-pillow
python-pkginfo
python-platformdirs
python-pluggy
python-poetry
python-poetry-core
python-poetry-plugin-export
python-psutil
python-ptyprocess
python-pycparser
python-pyproject-hooks
python-pyrsistent
python-pywalfox-librewolf
python-rapidfuzz
python-referencing
python-regex
python-reportlab
python-requests
python-requests-toolbelt
python-rpds-py
python-secretstorage
python-setuptools
python-shellingham
python-six
python-svglib
python-tinycss2
python-tomli
python-tomlkit
python-tqdm
python-trove-classifiers
python-typeguard
python-typing_extensions
python-urllib3
python-validate-pyproject
python-virtualenv
python-webencodings
python-yaml
python-yapsy-git
pywal-16-colors
pywal-discord-git
qca-qt6
qpwgraph
qqc2-desktop-style
qt5-base
qt5-declarative
qt5-svg
qt5-translations
qt5-wayland
qt5-x11extras
qt6-5compat
qt6-base
qt6-declarative
qt6-imageformats
qt6-multimedia
qt6-multimedia-ffmpeg
qt6-shadertools
qt6-svg
qt6-translations
qt6-wayland
qt6ct
quazip-qt6
rav1e
readline
reflector
rtkit
rubberband
sassc
sbc
sbctl
sdbus-cpp
sdl2
seatd
sed
serd
shaderc
shadow
shared-mime-info
slang
slurp
snappy
sndio
solid
sonnet
sord
sound-theme-freedesktop
spdlog
speex
speexdsp
spirv-tools
sqlite
sratom
srt
startup-notification
steam
suitesparse
svt-av1
swww
systemd
systemd-libs
systemd-sysvcompat
tar
tdb
tesseract
tesseract-data-deu
tesseract-data-osd
texinfo
texlive-basic
texlive-bibtexextra
texlive-bin
texlive-binextra
texlive-context
texlive-fontsextra
texlive-fontsrecommended
texlive-fontutils
texlive-formatsextra
texlive-games
texlive-humanities
texlive-langarabic
texlive-langchinese
texlive-langcjk
texlive-langcyrillic
texlive-langczechslovak
texlive-langenglish
texlive-langeuropean
texlive-langfrench
texlive-langgerman
texlive-langgreek
texlive-langitalian
texlive-langjapanese
texlive-langkorean
texlive-langother
texlive-langpolish
texlive-langportuguese
texlive-langspanish
texlive-latex
texlive-latexextra
texlive-latexrecommended
texlive-luatex
texlive-mathscience
texlive-metapost
texlive-music
texlive-pictures
texlive-plaingeneric
texlive-pstricks
texlive-publishers
texlive-xetex
tomlplusplus
tpm2-tss
tracker3
trash-cli
tree-sitter
tree-sitter-c
tree-sitter-lua
tree-sitter-markdown
tree-sitter-query
tree-sitter-vimdoc
tslib
ttf-0xproto-nerd
ttf-3270-nerd
ttf-agave-nerd
ttf-anonymouspro-nerd
ttf-arimo-nerd
ttf-bigblueterminal-nerd
ttf-bitstream-vera-mono-nerd
ttf-cascadia-code-nerd
ttf-cascadia-mono-nerd
ttf-cousine-nerd
ttf-d2coding-nerd
ttf-daddytime-mono-nerd
ttf-dejavu-nerd
ttf-envycoder-nerd
ttf-fantasque-nerd
ttf-firacode-nerd
ttf-go-nerd
ttf-gohu-nerd
ttf-hack-nerd
ttf-heavydata-nerd
ttf-iawriter-nerd
ttf-ibmplex-mono-nerd
ttf-inconsolata-go-nerd
ttf-inconsolata-lgc-nerd
ttf-inconsolata-nerd
ttf-intone-nerd
ttf-iosevka-nerd
ttf-iosevkaterm-nerd
ttf-iosevkatermslab-nerd
ttf-jetbrains-mono-nerd
ttf-lekton-nerd
ttf-liberation-mono-nerd
ttf-lilex-nerd
ttf-martian-mono-nerd
ttf-meslo-nerd
ttf-monofur-nerd
ttf-monoid-nerd
ttf-mononoki-nerd
ttf-mplus-nerd
ttf-nerd-fonts-symbols
ttf-nerd-fonts-symbols-common
ttf-nerd-fonts-symbols-mono
ttf-noto-nerd
ttf-profont-nerd
ttf-proggyclean-nerd
ttf-recursive-nerd
ttf-roboto-mono-nerd
ttf-sharetech-mono-nerd
ttf-sourcecodepro-nerd
ttf-space-mono-nerd
ttf-terminus-nerd
ttf-tinos-nerd
ttf-ubuntu-mono-nerd
ttf-ubuntu-nerd
ttf-victor-mono-nerd
ttf-zed-mono-nerd
tzdata
uchardet
udisks2
unibilium
unzip
update-grub
upower
usbutils
util-linux
util-linux-libs
v4l-utils
vapoursynth
vesktop-bin
vid.stab
vmaf
volume_key
vulkan-headers
vulkan-icd-loader
vulkan-radeon
vulkan-validation-layers
w3m
waybar
wayland
wayland-protocols
webrtc-audio-processing-1
wget
which
wireplumber
wl-clipboard
wlogout
woff2
wofi
wpa_supplicant
x264
x265
xcb-proto
xcb-util
xcb-util-cursor
xcb-util-errors
xcb-util-image
xcb-util-keysyms
xcb-util-renderutil
xcb-util-wm
xcur2png
xdg-desktop-portal
xdg-desktop-portal-hyprland
xdg-user-dirs
xdg-utils
xkeyboard-config
xorg-fonts-encodings
xorg-server-common
xorg-setxkbmap
xorg-xhost
xorg-xinput
xorg-xkbcomp
xorg-xprop
xorg-xrandr
xorg-xset
xorg-xwayland
xorgproto
xvidcore
xxhash
xz
yay
zathura
zathura-pdf-mupdf
zenity
zeromq
zimg
zip
zix
zlib
zsh
zstd
zziplib
